13:28:21 **** Incremental Build of configuration Debug for project Sensors ****
make -j8 all 
arm-none-eabi-gcc "../Core/Src/main.c" -mcpu=cortex-m7 -std=gnu11 -g3 -DDEBUG -DUSE_HAL_DRIVER -DSTM32F746xx -c -I../Core/Inc -I../Drivers/STM32F7xx_HAL_Driver/Inc -I../Drivers/STM32F7xx_HAL_Driver/Inc/Legacy -I../Drivers/CMSIS/Device/ST/STM32F7xx/Include -I../Drivers/CMSIS/Include -O0 -ffunction-sections -fdata-sections -Wall -fstack-usage -MMD -MP -MF"Core/Src/main.d" -MT"Core/Src/main.o" --specs=nano.specs -mfpu=fpv5-sp-d16 -mfloat-abi=hard -mthumb -o "Core/Src/main.o"
../Core/Src/main.c:174:13: warning: 'MX_ETH_Init' defined but not used [-Wunused-function]
  174 | static void MX_ETH_Init(void)
      |             ^~~~~~~~~~~
arm-none-eabi-g++ -o "Sensors.elf" @"objects.list"   -mcpu=cortex-m7 -T"D:\onlabgithub\TK-MachineLearning\Supervision\Sensors\Sensors\STM32F746ZGTX_FLASH.ld" --specs=nosys.specs -Wl,-Map="Sensors.map" -Wl,--gc-sections -static --specs=nano.specs -mfpu=fpv5-sp-d16 -mfloat-abi=hard -mthumb -Wl,--start-group -lc -lm -lstdc++ -lsupc++ -Wl,--end-group
Finished building target: Sensors.elf
 
arm-none-eabi-size   Sensors.elf 
arm-none-eabi-objdump -h -S  Sensors.elf  > "Sensors.list"
arm-none-eabi-objcopy  -O binary  Sensors.elf  "Sensors.bin"
   text	   data	    bss	    dec	    hex	filename
  13392	     20	   2804	  16216	   3f58	Sensors.elf
Finished building: default.size.stdout
 
Finished building: Sensors.bin
 
Finished building: Sensors.list
 
13:28:46 **** Incremental Build of configuration Debug for project Sensors ****
make -j8 all 
arm-none-eabi-size   Sensors.elf 
   text	   data	    bss	    dec	    hex	filename
  13392	     20	   2804	  16216	   3f58	Sensors.elf
Finished building: default.size.stdout
 
